d:\svncode\ropeencodercalibrationtool\ropeencodercalibrationtool_4_0_x\ropeencodercalibrationtool\ropeencodercalibration\release\ropeencodercalibrationtool.pch
d:\svncode\ropeencodercalibrationtool\ropeencodercalibrationtool_4_0_x\ropeencodercalibrationtool\ropeencodercalibration\release\vc140.pdb
d:\svncode\ropeencodercalibrationtool\ropeencodercalibrationtool_4_0_x\ropeencodercalibrationtool\ropeencodercalibration\release\vc140.idb
d:\svncode\ropeencodercalibrationtool\ropeencodercalibrationtool_4_0_x\ropeencodercalibrationtool\ropeencodercalibration\release\stdafx.obj
d:\svncode\ropeencodercalibrationtool\ropeencodercalibrationtool_4_0_x\ropeencodercalibrationtool\ropeencodercalibration\release\fileoperation.obj
d:\svncode\ropeencodercalibrationtool\ropeencodercalibrationtool_4_0_x\ropeencodercalibrationtool\ropeencodercalibration\release\qkmlinkcomm.obj
d:\svncode\ropeencodercalibrationtool\ropeencodercalibrationtool_4_0_x\ropeencodercalibrationtool\ropeencodercalibration\release\ropeencodercalibration.obj
d:\svncode\ropeencodercalibrationtool\ropeencodercalibrationtool_4_0_x\ropeencodercalibrationtool\ropeencodercalibration\release\ropeencodercalibrationdlg.obj
d:\svncode\ropeencodercalibrationtool\ropeencodercalibrationtool_4_0_x\ropeencodercalibrationtool\ropeencodercalibration\release\roughcalibrationdlg.obj
d:\svncode\ropeencodercalibrationtool\ropeencodercalibrationtool_4_0_x\ropeencodercalibrationtool\ropeencodercalibration\release\websocket_endpoint.obj
d:\svncode\ropeencodercalibrationtool\ropeencodercalibrationtool_4_0_x\ropeencodercalibrationtool\ropeencodercalibration\release\qkmlinklib_i.obj
d:\svncode\ropeencodercalibrationtool\ropeencodercalibrationtool_4_0_x\ropeencodercalibrationtool\release\ropeencodercalibrationtool.exe
d:\svncode\ropeencodercalibrationtool\ropeencodercalibrationtool_4_0_x\ropeencodercalibrationtool\release\ropeencodercalibrationtool.ipdb
d:\svncode\ropeencodercalibrationtool\ropeencodercalibrationtool_4_0_x\ropeencodercalibrationtool\release\ropeencodercalibrationtool.iobj
d:\svncode\ropeencodercalibrationtool\ropeencodercalibrationtool_4_0_x\ropeencodercalibrationtool\release\ropeencodercalibrationtool.pdb
d:\svncode\ropeencodercalibrationtool\ropeencodercalibrationtool_4_0_x\ropeencodercalibrationtool\ropeencodercalibration\release\ropeencodercalibration.res
d:\svncode\ropeencodercalibrationtool\ropeencodercalibrationtool_4_0_x\ropeencodercalibrationtool\ropeencodercalibration\release\ropeenco.e5675644.tlog\cl.command.1.tlog
d:\svncode\ropeencodercalibrationtool\ropeencodercalibrationtool_4_0_x\ropeencodercalibrationtool\ropeencodercalibration\release\ropeenco.e5675644.tlog\cl.read.1.tlog
d:\svncode\ropeencodercalibrationtool\ropeencodercalibrationtool_4_0_x\ropeencodercalibrationtool\ropeencodercalibration\release\ropeenco.e5675644.tlog\cl.write.1.tlog
d:\svncode\ropeencodercalibrationtool\ropeencodercalibrationtool_4_0_x\ropeencodercalibrationtool\ropeencodercalibration\release\ropeenco.e5675644.tlog\link.command.1.tlog
d:\svncode\ropeencodercalibrationtool\ropeencodercalibrationtool_4_0_x\ropeencodercalibrationtool\ropeencodercalibration\release\ropeenco.e5675644.tlog\link.read.1.tlog
d:\svncode\ropeencodercalibrationtool\ropeencodercalibrationtool_4_0_x\ropeencodercalibrationtool\ropeencodercalibration\release\ropeenco.e5675644.tlog\link.write.1.tlog
d:\svncode\ropeencodercalibrationtool\ropeencodercalibrationtool_4_0_x\ropeencodercalibrationtool\ropeencodercalibration\release\ropeenco.e5675644.tlog\rc.command.1.tlog
d:\svncode\ropeencodercalibrationtool\ropeencodercalibrationtool_4_0_x\ropeencodercalibrationtool\ropeencodercalibration\release\ropeenco.e5675644.tlog\rc.read.1.tlog
d:\svncode\ropeencodercalibrationtool\ropeencodercalibrationtool_4_0_x\ropeencodercalibrationtool\ropeencodercalibration\release\ropeenco.e5675644.tlog\rc.write.1.tlog
